                                      1 ;--------------------------------------------------------
                                      2 ; File Created by SDCC : free open source ISO C Compiler 
                                      3 ; Version 4.2.2 #13350 (Linux)
                                      4 ;--------------------------------------------------------
                                      5 	.module menu_strings
                                      6 	.optsdcc -msm83
                                      7 	
                                      8 ;--------------------------------------------------------
                                      9 ; Public variables in this module
                                     10 ;--------------------------------------------------------
                                     11 	.globl _new_game_text_length
                                     12 	.globl _new_game_text
                                     13 	.globl _new_game_text_data
                                     14 ;--------------------------------------------------------
                                     15 ; special function registers
                                     16 ;--------------------------------------------------------
                                     17 ;--------------------------------------------------------
                                     18 ; ram data
                                     19 ;--------------------------------------------------------
                                     20 	.area _DATA
                                     21 ;--------------------------------------------------------
                                     22 ; ram data
                                     23 ;--------------------------------------------------------
                                     24 	.area _INITIALIZED
                                     25 ;--------------------------------------------------------
                                     26 ; absolute external ram data
                                     27 ;--------------------------------------------------------
                                     28 	.area _DABS (ABS)
                                     29 ;--------------------------------------------------------
                                     30 ; global & static initialisations
                                     31 ;--------------------------------------------------------
                                     32 	.area _HOME
                                     33 	.area _GSINIT
                                     34 	.area _GSFINAL
                                     35 	.area _GSINIT
                                     36 ;--------------------------------------------------------
                                     37 ; Home
                                     38 ;--------------------------------------------------------
                                     39 	.area _HOME
                                     40 	.area _HOME
                                     41 ;--------------------------------------------------------
                                     42 ; code
                                     43 ;--------------------------------------------------------
                                     44 	.area _CODE
                                     45 	.area _CODE
      000000                         46 _new_game_text_data:
      000000 50                      47 	.db #0x50	; 80	'P'
      000001 65                      48 	.db #0x65	; 101	'e'
      000002 6E                      49 	.db #0x6e	; 110	'n'
      000003 69                      50 	.db #0x69	; 105	'i'
      000004 73                      51 	.db #0x73	; 115	's'
      000005 55                      52 	.db #0x55	; 85	'U'
      000006 54                      53 	.db #0x54	; 84	'T'
      000007 54                      54 	.db #0x54	; 84	'T'
      000008 4E                      55 	.db #0x4e	; 78	'N'
      000009 4F                      56 	.db #0x4f	; 79	'O'
      00000A 50                      57 	.db #0x50	; 80	'P'
      00000B 54                      58 	.db #0x54	; 84	'T'
      00000C 49                      59 	.db #0x49	; 73	'I'
      00000D 4F                      60 	.db #0x4f	; 79	'O'
      00000E 4E                      61 	.db #0x4e	; 78	'N'
      00000F 50                      62 	.db #0x50	; 80	'P'
      000010                         63 _new_game_text:
      000010 43 55 53 54 4F 4D 20    64 	.ascii "CUSTOM G"
             47
      000018 0A                      65 	.db 0x0a
      000019 4F 50 54 49 4F 4E 50    66 	.ascii "OPTIONP"
      000020 00                      67 	.db 0x00
      000021                         68 _new_game_text_length:
      000021 10 00                   69 	.dw #0x0010
                                     70 	.area _INITIALIZER
                                     71 	.area _CABS (ABS)
